   Compiling proc-macro2 v1.0.107
   Compiling quote v1.0.47
   Compiling unicode-ident v1.0.24
   Compiling version_check v0.9.5
   Compiling libc v0.2.189
   Compiling serde_core v1.0.229
   Compiling autocfg v1.5.1
   Compiling serde v1.0.229
   Compiling cfg-if v1.0.4
   Compiling zerocopy v0.8.56
   Compiling memchr v2.8.3
   Compiling getrandom v0.3.4
   Compiling zmij v1.0.23
   Compiling once_cell v1.21.4
   Compiling serde_json v1.0.151
   Compiling smallvec v1.16.0
   Compiling find-msvc-tools v0.1.10
   Compiling itoa v1.0.18
   Compiling shlex v2.0.1
   Compiling regex-syntax v0.8.11
   Compiling typenum v1.20.1
   Compiling ref-cast v1.0.27
   Compiling parking_lot_core v0.9.12
   Compiling vcpkg v0.2.15
   Compiling pkg-config v0.3.34
   Compiling scopeguard v1.2.0
   Compiling equivalent v1.0.2
   Compiling borrow-or-share v0.2.4
   Compiling heck v0.5.0
   Compiling foldhash v0.2.0
   Compiling bit-vec v0.8.0
   Compiling unicode-general-category v1.1.0
   Compiling allocator-api2 v0.2.21
   Compiling vsimd v0.8.0
   Compiling lock_api v0.4.14
   Compiling core-foundation-sys v0.8.7
   Compiling outref v0.5.2
   Compiling micromap v0.3.0
   Compiling num-cmp v0.1.0
   Compiling percent-encoding v2.3.2
   Compiling bytecount v0.6.9
   Compiling cc v1.4.2
   Compiling bit-set v0.8.0
   Compiling fallible-streaming-iterator v0.1.9
   Compiling fallible-iterator v0.3.0
   Compiling bitflags v2.13.1
   Compiling appsdk v0.1.10 (/Volumes/Intel/playground/appsdk/a7cc2a4-pin-compose-20261003/rust)
   Compiling data-encoding v2.11.1
   Compiling ahash v0.8.12
   Compiling generic-array v0.14.7
   Compiling num-traits v0.2.19
   Compiling iana-time-zone v0.1.65
   Compiling hashbrown v0.17.1
   Compiling uuid-simd v0.8.0
   Compiling aho-corasick v1.1.5
   Compiling libsqlite3-sys v0.30.1
   Compiling jsonschema-regex v0.56.0
   Compiling regex-automata v0.4.18
   Compiling cpufeatures v0.2.17
   Compiling parking_lot v0.12.5
   Compiling block-buffer v0.10.4
   Compiling crypto-common v0.1.7
   Compiling digest v0.10.7
   Compiling sha2 v0.10.9
   Compiling syn v3.0.3
   Compiling syn v2.0.119
   Compiling num-integer v0.1.47
   Compiling num-complex v0.4.6
   Compiling chrono v0.4.45
   Compiling num-bigint v0.4.8
   Compiling num-iter v0.1.46
   Compiling regex v1.13.1
   Compiling fancy-regex v0.19.2
   Compiling num-rational v0.4.2
   Compiling strum_macros v0.28.0
   Compiling serde_derive v1.0.229
   Compiling ref-cast-impl v1.0.27
   Compiling num v0.4.3
   Compiling fraction v0.17.0
   Compiling strum v0.28.0
   Compiling fluent-uri v0.4.1
   Compiling email_address v0.2.9
   Compiling pipeline_runtime v0.1.1 (/Volumes/Intel/playground/appsdk/a7cc2a4-pin-compose-20261003/dagpipe)
   Compiling hashbrown v0.14.5
   Compiling jsonschema-value v0.56.0
   Compiling referencing v0.56.0
   Compiling hashlink v0.9.1
   Compiling rusqlite v0.32.1
   Compiling jsonschema v0.56.0
warning: unused import: `super::validation::*`
 --> src/communication/store_runtime.rs:2:5
  |
2 | use super::validation::*;
  |     ^^^^^^^^^^^^^^^^^^^^
  |
  = note: `#[warn(unused_imports)]` (part of `#[warn(unused)]`) on by default

warning: `appsdk` (bin "appsdk") generated 1 warning (run `cargo fix --bin "appsdk" -p appsdk` to apply 1 suggestion)
    Finished `dev` profile [unoptimized + debuginfo] target(s) in 1m 12s
