# frozen hashes @ 2026-10-04T05:57:03Z
worktree=/Volumes/Intel/playground/appsdk/1a21b0c-transition-final-20261004
head=9a9d674a52faf1b90b7e4b62fe8d01fac3d3572a
base_sha=9a9d674a52faf1b90b7e4b62fe8d01fac3d3572a

## sha256 product+test+fixture
3b29d6d84a343d01d17ed9fd705b9078e3fe67713990bbcf653a4d0553a7a6cf  rust/src/main/migration.rs
96a9de39e7d9312ceca1a71cc38b807cc0e41cc0bc7b43a16926f778727f7f6e  rust/src/main/producer.rs
89f1f36fa9b55134f66b431abaf3d1d1683f40bc496dcc70339f67f605b8485b  rust/src/main/reset_governance.rs
13858b371ffb40d83145b5196f0b0089a1553916c52cd98e032aea35bafa2849  rust/tests/cli_smoke/main.rs
3a1e73123b2f94406bb3a24fe4a2dbf022e6f5f5672c9c55e76f4cfd64bdfb45  rust/tests/cli_smoke/part_20.rs
a6468f12b64d3e0125ddd77828a4eeeee48cf3a38a0ee6d5bfe56935cd8a1957  rust/tests/fixtures/zone-transition-0.1.3.json
6c485a138ab5a657b760969be42b167ebd034f8a43446609505c2f5d16d5afab  rust/tests/fixtures/zone-transition-0.1.4.json
4568668437b4e0b44db4709d27e31c2783c8a6e4ccd828273a4675775f69ca1f  rust/tests/fixtures/zone-transition-0.1.5-0.1.6.json

## git status --porcelain=v1
 M rust/src/main/migration.rs
 M rust/src/main/producer.rs
 M rust/src/main/reset_governance.rs
 M rust/tests/cli_smoke/main.rs
?? docs/evidence/1a21b0c-transition-final-20261004/
?? docs/evidence/1a21b0c-transition-impl-20261003/
?? rust/tests/cli_smoke/part_20.rs
?? rust/tests/fixtures/

## git diff --stat
 rust/src/main/migration.rs        | 106 ++++++++++++++++++++++++++++++++++++++
 rust/src/main/producer.rs         |  22 +++++++-
 rust/src/main/reset_governance.rs |   2 +
 rust/tests/cli_smoke/main.rs      |   1 +
 4 files changed, 129 insertions(+), 2 deletions(-)
