Analysis of sampling dsh_master_authority_cli-76f241f66d759699 (pid 16332) every 1 millisecond
Process:         dsh_master_authority_cli-76f241f66d759699 [16332]
Path:            /Volumes/VOLUME/*/dsh_master_authority_cli-76f241f66d759699
Load Address:    0x104e84000
Identifier:      dsh_master_authority_cli-76f241f66d759699
Version:         0
Code Type:       ARM64
Platform:        macOS
Parent Process:  cargo [16122]
Target Type:     live task

Date/Time:       2026-10-08 02:03:07.366 -0700
Launch Time:     2026-10-08 01:58:34.991 -0700
OS Version:      macOS 26.6.2 (25G83)
Report Version:  7
Analysis Tool:   /usr/bin/sample

Physical footprint:         2096K
Physical footprint (peak):  2096K
Idle exit:                  untracked
----

Call graph:
    878 Thread_1066689711   DispatchQueue_1: com.apple.main-thread  (serial)
    + 878 start  (in dyld) + 6992  [0x18fe004e4]
    +   878 main  (in dsh_master_authority_cli-76f241f66d759699) + 36  [0x104e9a4d8]
    +     878 _RINvNtCsa9BKTri5B3M_3std2rt10lang_startuECs4NkhYHLLL0U_24dsh_master_authority_cli  (in dsh_master_authority_cli-76f241f66d759699) + 84  [0x104ea25d0]  rt.rs:205
    +       878 _RNvNtCsa9BKTri5B3M_3std2rt19lang_start_internal  (in dsh_master_authority_cli-76f241f66d759699) + 952  [0x104f24578]
    +         878 _RNCINvNtCsa9BKTri5B3M_3std2rt10lang_startuE0Cs4NkhYHLLL0U_24dsh_master_authority_cli  (in dsh_master_authority_cli-76f241f66d759699) + 28  [0x104ea25f8]  rt.rs:206
    +           878 _RINvNtNtCsa9BKTri5B3M_3std3sys9backtrace28___rust_begin_short_backtraceFEuuECs4NkhYHLLL0U_24dsh_master_authority_cli  (in dsh_master_authority_cli-76f241f66d759699) + 24  [0x104ea2848]  backtrace.rs:166
    +             878 _RNvYFEuINtNtNtCsgtPOCBgevO_4core3ops8function6FnOnceuE9call_onceCs4NkhYHLLL0U_24dsh_master_authority_cli  (in dsh_master_authority_cli-76f241f66d759699) + 20  [0x104e8b4e0]  function.rs:250
    +               878 _RNvCs4NkhYHLLL0U_24dsh_master_authority_cli4main  (in dsh_master_authority_cli-76f241f66d759699) + 28  [0x104e8f5fc]  dsh_master_authority_cli.rs:1
    +                 878 _RNvCs3O4ZRUMviTO_4test16test_main_static  (in dsh_master_authority_cli-76f241f66d759699) + 300  [0x104eb3bcc]
    +                   878 _RNvNtCs3O4ZRUMviTO_4test7console17run_tests_console  (in dsh_master_authority_cli-76f241f66d759699) + 3216  [0x104ec2fdc]
    +                     878 _RNvMs1_NtNtNtCsa9BKTri5B3M_3std4sync4mpmc4listINtB5_7ChannelNtNtCs3O4ZRUMviTO_4test5event13CompletedTestE4recvB10_  (in dsh_master_authority_cli-76f241f66d759699) + 432  [0x104eb9adc]
    +                       878 _RNCNvMs1_NtNtNtCsa9BKTri5B3M_3std4sync4mpmc4listINtB7_7ChannelNtNtCs3O4ZRUMviTO_4test5event13CompletedTestE4recvs_0B12_  (in dsh_master_authority_cli-76f241f66d759699) + 228  [0x104eb0b74]
    +                         878 _RNvMs_NtNtCsa9BKTri5B3M_3std6thread6threadNtB4_6Thread4park  (in dsh_master_authority_cli-76f241f66d759699) + 48  [0x104f1b0cc]
    +                           878 _dispatch_semaphore_wait_slow  (in libdispatch.dylib) + 132  [0x190011b20]
    +                             878 _dispatch_sema4_wait  (in libdispatch.dylib) + 28  [0x190011490]
    +                               878 semaphore_wait_trap  (in libsystem_kernel.dylib) + 8  [0x190187bb0]
    878 Thread_1066689793: dsh_master_authority_public_wire_and_restart_preserve_peer_stat
    + 878 thread_start  (in libsystem_pthread.dylib) + 8  [0x1901c6c1c]
    +   878 _pthread_start  (in libsystem_pthread.dylib) + 136  [0x1901cbc58]
    +     878 _RNvNvMs0_NtNtNtCsa9BKTri5B3M_3std3sys6thread4unixNtB7_6Thread3new12thread_start  (in dsh_master_authority_cli-76f241f66d759699) + 408  [0x104f2bde0]
    +       878 _RNSNvYNCINvNtNtCsa9BKTri5B3M_3std6thread9lifecycle15spawn_uncheckedNCNvCs3O4ZRUMviTO_4test8run_tests_0uEs_0INtNtNtCsgtPOCBgevO_4core3ops8function6FnOnceuE9call_once6vtableB17_  (in dsh_master_authority_cli-76f241f66d759699) + 64  [0x104eb2664]
    +         878 _RINvNtNtCsa9BKTri5B3M_3std3sys9backtrace28___rust_begin_short_backtraceNCNvCs3O4ZRUMviTO_4test8run_tests_0uEB1b_  (in dsh_master_authority_cli-76f241f66d759699) + 132  [0x104eaaf94]
    +           878 _RNCNvCs3O4ZRUMviTO_4test8run_test0B3_  (in dsh_master_authority_cli-76f241f66d759699) + 908  [0x104eb010c]
    +             878 _RINvCs3O4ZRUMviTO_4test28___rust_begin_short_backtraceINtNtCsgtPOCBgevO_4core6result6ResultuNtNtCslJsSqIQKwiA_5alloc6string6StringEFEBQ_EB2_  (in dsh_master_authority_cli-76f241f66d759699) + 24  [0x104ea4cc4]
    +               878 _RNvYNCNvCs4NkhYHLLL0U_24dsh_master_authority_cli64dsh_master_authority_public_wire_and_restart_preserve_peer_state0INtNtNtCsgtPOCBgevO_4core3ops8function6FnOnceuE9call_onceB6_  (in dsh_master_authority_cli-76f241f66d759699) + 20  [0x104e8b54c]  function.rs:250
    +                 878 _RNCNvCs4NkhYHLLL0U_24dsh_master_authority_cli64dsh_master_authority_public_wire_and_restart_preserve_peer_state0B3_  (in dsh_master_authority_cli-76f241f66d759699) + 24  [0x104ea0680]  dsh_master_authority_cli.rs:264
    +                   878 _RNvCs4NkhYHLLL0U_24dsh_master_authority_clis_64dsh_master_authority_public_wire_and_restart_preserve_peer_state  (in dsh_master_authority_cli-76f241f66d759699) + 29328  [0x104e98b70]  dsh_master_authority_cli.rs:391
    +                     878 _RINvNtCsgtPOCBgevO_4core3ptr9drop_glueNtCs4NkhYHLLL0U_24dsh_master_authority_cli7FixtureEBC_  (in dsh_master_authority_cli-76f241f66d759699) + 208  [0x104e8962c]  mod.rs:825
    +                       878 _RINvNtCsgtPOCBgevO_4core3ptr9drop_glueNtCs4NkhYHLLL0U_24dsh_master_authority_cli7GatewayEBC_  (in dsh_master_authority_cli-76f241f66d759699) + 24  [0x104e8965c]  mod.rs:825
    +                         878 _RNvXs_Cs4NkhYHLLL0U_24dsh_master_authority_cliNtB4_7GatewayNtNtNtCsgtPOCBgevO_4core3ops4drop4Drop4drop  (in dsh_master_authority_cli-76f241f66d759699) + 144  [0x104e8b2d0]  dsh_master_authority_cli.rs:94
    +                           878 _RNvMs0_NtNtCsa9BKTri5B3M_3std6thread11join_handleINtB5_10JoinHandleuE4joinCs4NkhYHLLL0U_24dsh_master_authority_cli  (in dsh_master_authority_cli-76f241f66d759699) + 40  [0x104e88718]  join_handle.rs:150
    +                             878 _RNvMs1_NtNtCsa9BKTri5B3M_3std6thread9lifecycleINtB5_9JoinInneruE4joinCs4NkhYHLLL0U_24dsh_master_authority_cli  (in dsh_master_authority_cli-76f241f66d759699) + 44  [0x104e9d500]  lifecycle.rs:220
    +                               878 _RNvMs0_NtNtNtCsa9BKTri5B3M_3std3sys6thread4unixNtB5_6Thread4join  (in dsh_master_authority_cli-76f241f66d759699) + 24  [0x104f14b74]
    +                                 878 _pthread_join  (in libsystem_pthread.dylib) + 616  [0x1901ce114]
    +                                   878 __ulock_wait  (in libsystem_kernel.dylib) + 8  [0x190189af8]
    878 Thread_1066689794
      878 thread_start  (in libsystem_pthread.dylib) + 8  [0x1901c6c1c]
        878 _pthread_start  (in libsystem_pthread.dylib) + 136  [0x1901cbc58]
          878 _RNvNvMs0_NtNtNtCsa9BKTri5B3M_3std3sys6thread4unixNtB7_6Thread3new12thread_start  (in dsh_master_authority_cli-76f241f66d759699) + 408  [0x104f2bde0]
            878 _RNSNvYNCINvNtNtCsa9BKTri5B3M_3std6thread9lifecycle15spawn_uncheckedNCNvMCs4NkhYHLLL0U_24dsh_master_authority_cliNtB18_7Gateway5start0uEs_0INtNtNtCsgtPOCBgevO_4core3ops8function6FnOnceuE9call_once6vtableB18_  (in dsh_master_authority_cli-76f241f66d759699) + 24  [0x104e8a01c]  function.rs:250
              878 _RNCINvNtNtCsa9BKTri5B3M_3std6thread9lifecycle15spawn_uncheckedNCNvMCs4NkhYHLLL0U_24dsh_master_authority_cliNtB13_7Gateway5start0uEs_0B13_  (in dsh_master_authority_cli-76f241f66d759699) + 220  [0x104e9d138]  lifecycle.rs:68
                878 __rust_try  (in dsh_master_authority_cli-76f241f66d759699) + 32  [0x104e9d664]
                  878 _RINvNvNtCsa9BKTri5B3M_3std9panicking12catch_unwind7do_callINtNtNtCsgtPOCBgevO_4core5panic11unwind_safe16AssertUnwindSafeNCNCINvNtNtB6_6thread9lifecycle15spawn_uncheckedNCNvMCs4NkhYHLLL0U_24dsh_master_authority_cliNtB2L_7Gateway5start0uEs_00EuEB2L_  (in dsh_master_authority_cli-76f241f66d759699) + 52  [0x104ea012c]  panicking.rs:581
                    878 _RNvXsn_NtNtCsgtPOCBgevO_4core5panic11unwind_safeINtB5_16AssertUnwindSafeNCNCINvNtNtCsa9BKTri5B3M_3std6thread9lifecycle15spawn_uncheckedNCNvMCs4NkhYHLLL0U_24dsh_master_authority_cliNtB2e_7Gateway5start0uEs_00EINtNtNtB9_3ops8function6FnOnceuE9call_onceB2e_  (in dsh_master_authority_cli-76f241f66d759699) + 44  [0x104e848b4]  unwind_safe.rs:275
                      878 _RNCNCINvNtNtCsa9BKTri5B3M_3std6thread9lifecycle15spawn_uncheckedNCNvMCs4NkhYHLLL0U_24dsh_master_authority_cliNtB15_7Gateway5start0uEs_00B15_  (in dsh_master_authority_cli-76f241f66d759699) + 124  [0x104e9d3f8]  lifecycle.rs:70
                        878 _RINvNtNtCsa9BKTri5B3M_3std3sys9backtrace28___rust_begin_short_backtraceNCNvMCs4NkhYHLLL0U_24dsh_master_authority_cliNtB1c_7Gateway5start0uEB1c_  (in dsh_master_authority_cli-76f241f66d759699) + 16  [0x104ea2880]  backtrace.rs:166
                          878 _RNCNvMCs4NkhYHLLL0U_24dsh_master_authority_cliNtB4_7Gateway5start0B4_  (in dsh_master_authority_cli-76f241f66d759699) + 240  [0x104ea0784]  dsh_master_authority_cli.rs:40
                            878 _RNvMs_NtNtNtNtCsa9BKTri5B3M_3std2os4unix3net8listenerNtB4_12UnixListener6accept  (in dsh_master_authority_cli-76f241f66d759699) + 80  [0x104f1f078]
                              878 __accept  (in libsystem_kernel.dylib) + 8  [0x1901906cc]

Total number in stack (recursive counted multiple, when >=5):

Sort by top of stack, same collapsed (when >= 5):
        __accept  (in libsystem_kernel.dylib)        878
        __ulock_wait  (in libsystem_kernel.dylib)        878
        semaphore_wait_trap  (in libsystem_kernel.dylib)        878

Binary Images:
       0x104e84000 -        0x104f91e33 +dsh_master_authority_cli-76f241f66d759699 (0) <EAEAA8BF-3984-376D-AA8F-C76B5499CCAC> /Volumes/*/dsh_master_authority_cli-76f241f66d759699
       0x18fd58000 -        0x18fdaab4b  libobjc.A.dylib (951.7) <03BD9E32-CF0A-37B0-898A-3CE8DE06D842> /usr/lib/libobjc.A.dylib
       0x18fdab000 -        0x18fddfd58  libdyld.dylib (1387) <957F93B3-8805-39C7-9C51-EDD1715F550E> /usr/lib/system/libdyld.dylib
       0x18fde0000 -        0x18fe934ff  dyld (1.0.0 - 1387) <74E52480-C2BD-3C8D-812D-95FE2B74A096> /usr/lib/dyld
       0x18fe94000 -        0x18fe97228  libsystem_blocks.dylib (96) <E0AC1231-27AA-3A13-8FAC-41D5802B1F3C> /usr/lib/system/libsystem_blocks.dylib
       0x18fe98000 -        0x18feec55f  libxpc.dylib (3102.160.5) <33E44C2D-D65E-37A6-B85F-1A4CF524A050> /usr/lib/system/libxpc.dylib
       0x18feed000 -        0x18ff0d9ff  libsystem_trace.dylib (1861.160.4) <93F1DD8C-6CD9-32B9-B222-D23DA5D161B4> /usr/lib/system/libsystem_trace.dylib
       0x18ff0e000 -        0x18ffbc5f7  libcorecrypto.dylib (1922.160.10) <0642DDAD-4771-3C82-805C-E7C6701C1461> /usr/lib/system/libcorecrypto.dylib
       0x18ffbd000 -        0x19000d257  libsystem_malloc.dylib (812.160.5) <D969A907-3E43-3951-9365-8C2DB3812E9D> /usr/lib/system/libsystem_malloc.dylib
       0x19000e000 -        0x19005523f  libdispatch.dylib (1542.160.2) <B2000CD5-F580-314A-A141-E036719D854E> /usr/lib/system/libdispatch.dylib
       0x190056000 -        0x190058ffb  libsystem_featureflags.dylib (103) <FEE12F9C-344B-33B3-8EDD-283580EF1C67> /usr/lib/system/libsystem_featureflags.dylib
       0x190059000 -        0x1900da1e7  libsystem_c.dylib (1752.160.4) <D77CEB62-AFF6-3CEC-BA9B-4F057FBE2EB5> /usr/lib/system/libsystem_c.dylib
       0x1900db000 -        0x19016bae7  libc++.1.dylib (2100.43) <F0FD393C-15BC-3C75-A19D-897F7B225C78> /usr/lib/libc++.1.dylib
       0x19016c000 -        0x19018675f  libc++abi.dylib (2100.43) <F38A9C58-22AB-3798-BBAE-8DCD9CC0CE27> /usr/lib/libc++abi.dylib
       0x190187000 -        0x1901c42e7  libsystem_kernel.dylib (12377.161.14) <C6A4A4CB-92E6-3BAF-AAE0-E8306259209A> /usr/lib/system/libsystem_kernel.dylib
       0x1901c5000 -        0x1901d1b3b  libsystem_pthread.dylib (539.100.4) <A373F0B0-9880-326A-88B4-DD8BE4E33072> /usr/lib/system/libsystem_pthread.dylib
       0x1901d2000 -        0x1901da963  libsystem_platform.dylib (375.120.2) <EDB83A19-EC17-32DE-9350-6145970A85D6> /usr/lib/system/libsystem_platform.dylib
       0x1901db000 -        0x19020a6eb  libsystem_info.dylib (600) <9B5FB84B-31AD-3EA7-8F89-8C700D369DC8> /usr/lib/system/libsystem_info.dylib
       0x1941a8000 -        0x1941b1e5f  libsystem_darwin.dylib (1752.160.4) <8E07D22E-CE5A-38A0-B091-5B0338C326F5> /usr/lib/system/libsystem_darwin.dylib
       0x194613000 -        0x1946251b6  libsystem_notify.dylib (348.160.3) <15799128-6CBD-30D6-A2BB-B9D02B4470C0> /usr/lib/system/libsystem_notify.dylib
       0x1968e4000 -        0x1968fef7b  libsystem_networkextension.dylib (2226.161.1) <9C7B1EEB-47BE-3791-93A9-CFC693CB9417> /usr/lib/system/libsystem_networkextension.dylib
       0x196981000 -        0x196998fdf  libsystem_asl.dylib (406) <54439739-33EE-3273-839F-CBA67D7F5CB1> /usr/lib/system/libsystem_asl.dylib
       0x19853a000 -        0x198542387  libsystem_symptoms.dylib (2169.160.3) <229122B9-B8B1-3F2F-870E-8650AE3C4FB5> /usr/lib/system/libsystem_symptoms.dylib
       0x19c7df000 -        0x19c8175b7  libsystem_containermanager.dylib (725.160.3) <14B2A47F-19C8-392F-8FDB-FE8AE375DD41> /usr/lib/system/libsystem_containermanager.dylib
       0x19dbf1000 -        0x19dbf55d7  libsystem_configuration.dylib (1405.160.3) <D8D6280B-783D-3550-BDBA-2861AE40604F> /usr/lib/system/libsystem_configuration.dylib
       0x19dbf6000 -        0x19dbfc99f  libsystem_sandbox.dylib (2680.160.6) <54688162-B50D-3D31-A1E8-7B9766D3530D> /usr/lib/system/libsystem_sandbox.dylib
       0x19f251000 -        0x19f2541fb  libquarantine.dylib (196.160.2) <EEE5AADB-52E1-3C4C-881A-70405770B1F1> /usr/lib/system/libquarantine.dylib
       0x19f9f0000 -        0x19f9f6d03  libsystem_coreservices.dylib (191.5.1) <D4ACD2AC-5702-3C45-85A0-300B2C2D19E1> /usr/lib/system/libsystem_coreservices.dylib
       0x19ff7f000 -        0x19ffbca77  libsystem_m.dylib (3312.100.1) <B54FBE99-DB0B-32C7-ABDD-C2206DF606A4> /usr/lib/system/libsystem_m.dylib
       0x19ffbe000 -        0x19ffc1527  libmacho.dylib (1387) <949131E5-BDA2-39BA-AA50-62651BB51802> /usr/lib/system/libmacho.dylib
       0x19ffdb000 -        0x19ffe83a7  libcommonCrypto.dylib (600035) <3B110564-5278-3CB0-85F1-2CE8431FF935> /usr/lib/system/libcommonCrypto.dylib
       0x19ffe9000 -        0x19fff2ca3  libunwind.dylib (2100.2) <05FD0014-55B1-3B8A-A6BA-6C7A389C4123> /usr/lib/system/libunwind.dylib
       0x19fffb000 -        0x1a0005bef  libcopyfile.dylib (240.160.2.0.1) <D0009B8A-8ECC-3D56-9206-7E1839707F93> /usr/lib/system/libcopyfile.dylib
       0x1a0006000 -        0x1a0009987  libcompiler_rt.dylib (103.3) <6FB345CA-7F5C-3263-A23F-143F7539FD8A> /usr/lib/system/libcompiler_rt.dylib
       0x1a000a000 -        0x1a000e78b  libsystem_collections.dylib (1752.160.4) <C8160BD2-5941-3DC0-BB40-F8C2B8156EC4> /usr/lib/system/libsystem_collections.dylib
       0x1a000f000 -        0x1a00124cf  libsystem_secinit.dylib (168.100.7) <ECABC024-8F02-374A-BB7E-29437CEA2ABD> /usr/lib/system/libsystem_secinit.dylib
       0x1a0013000 -        0x1a0015bf7  libremovefile.dylib (85.100.6) <7460B5AE-469A-36A0-A7EC-6C7D69628E86> /usr/lib/system/libremovefile.dylib
       0x1a0016000 -        0x1a0016f27  libkeymgr.dylib (31) <7E863FCA-F3FF-32C7-8A8C-F983E946AFC3> /usr/lib/system/libkeymgr.dylib
       0x1a0017000 -        0x1a001fe37  libsystem_dnssd.dylib (2881.160.4) <305F4398-E688-3384-B351-02D865EC8A04> /usr/lib/system/libsystem_dnssd.dylib
       0x1a0020000 -        0x1a002509b  libcache.dylib (95) <9CD7B1E1-3E47-339C-A193-2392E3E0ED23> /usr/lib/system/libcache.dylib
       0x1a0026000 -        0x1a0027ce3  libSystem.B.dylib (1356) <4FED5EE2-5D3E-35B1-A170-9859C4B683BB> /usr/lib/libSystem.B.dylib
       0x293fe9000 -        0x293ff0349  libRosetta.dylib (367.9) <0C7397C6-D747-31F2-8BC1-4096213BDE5C> /usr/lib/libRosetta.dylib
       0x295bfc000 -        0x295bffa4b  libsystem_darwindirectory.dylib (122) <971A4F65-493D-39F3-846D-0D33FA2769FD> /usr/lib/system/libsystem_darwindirectory.dylib
       0x295c00000 -        0x295c0a39b  libsystem_eligibility.dylib (319.160.17) <750CA446-92EA-3A56-9A7B-CC0841686C50> /usr/lib/system/libsystem_eligibility.dylib
       0x295c0b000 -        0x295c1288b  libsystem_sanitizers.dylib (26.1) <D88EC709-9AA8-3083-B22B-D3CB39678D71> /usr/lib/system/libsystem_sanitizers.dylib
       0x295c13000 -        0x295c13bb7  libsystem_trial.dylib (474.2.18.2) <7194FF5B-A6C5-3D67-B00A-90209F10D603> /usr/lib/system/libsystem_trial.dylib
